[www.odofit.com/index.html]
[cdn.shopify.com/s/files/1/0615/4928/1493/files/favicon-32x32_32x329c82.png]
[backblue.gif]
[fade.gif]
[index.html]
[cdn.shopify.com/s/files/1/0615/4928/1493/files/imageedit_7_3382580420_1200x12009f4c.png]
[cdn.shopify.com/shopifycloud/storefront-recaptcha-v3/v0.6/index.js]
[cdn.shopify.com/shopifycloud/shopify/assets/storefront/load_feature-ab38017af3cf759db0af0bbd1e75229f6a189f5bf1f2db42169630998b969021.js]
[cdn.shopify.com/shopifycloud/shopify/assets/storefront/features-87e8399988880142f2c62771b9d8f2ff6c290b3ff745dd426eb0dfe0db9d1dae.js]
[cdn.shopify.com/s/files/1/0615/4928/1493/t/2/assets/theme.scss7c2a.css]
[cdn.shopify.com/s/files/1/0615/4928/1493/t/2/assets/lazysizes.minaf00.js]
[cdn.shopify.com/s/files/1/0615/4928/1493/t/2/assets/vendor.min1d89.js]
[cdn.shopify.com/s/files/1/0615/4928/1493/t/2/assets/theme.minbb1f.js]
[cdn.shopify.com/s/files/1/0615/4928/1493/t/2/assets/custom749d.js]
[www.odofit.com/POST]
[cdn.shopify.com/s/trekkie.storefront.40843249406b965149797f3a2828e03f7fbc07e2.min.js]
[cdn.shopify.com/shopifycloud/shopify/assets/shop_events_listener-65cd0ba3fcd81a1df33f2510ec5bcf8c0e0958653b50e3965ec972dd638ee13f.js]
[cdn.shopify.com/shopifycloud/boomerang/shopify-boomerang-1.0.0.min.js]
[www.odofit.com/collections/all.html]
[www.odofit.com/blogs/news.html]
[www.odofit.com/pages/contact.html]
[www.odofit.com/search.html]
[cdn.shopify.com/s/files/1/0615/4928/1493/files/imageedit_7_3382580420_x509f4c.png]
[www.odofit.com/cart.html]
[cdn.shopify.com/s/files/1/0615/4928/1493/files/custom_resized_3c24ded1-7057-4547-94d8-6a06469807b5_300x01e9.jpg]
[cdn.shopify.com/s/files/1/0615/4928/1493/files/custom_resized_07b0e590-2452-4c4f-b70e-6b2518109bd7_300x5949.jpg]
[www.odofit.com/products/odofit-compression-brace.html]
[cdn.shopify.com/s/files/1/0615/4928/1493/products/71kmpfqFxnL._AC_SL1500__2_{width}x7384.jpg]
[cdn.shopify.com/s/files/1/0615/4928/1493/products/71kmpfqFxnL._AC_SL1500__2_1024x10247384.jpg]
[www.odofit.com/products/odofit-resistance-bands.html]
[cdn.shopify.com/s/files/1/0615/4928/1493/products/benziprincipal_{width}x0441.png]
[cdn.shopify.com/s/files/1/0615/4928/1493/products/benziprincipal_1024x10240441.png]
[www.odofit.com/index.html]
[cdn.shopify.com/s/files/1/0615/4928/1493/t/2/assets/theme.scss7c2a.css]
[www.odofit.com/POST.html]
[www.odofit.com/collections/all.atom]
[www.odofit.com/collections/POST.2e.delayed]
[www.odofit.com/collections/all.html]
[www.odofit.com/blogs/news.atom]
[www.odofit.com/blogs/POST]
[www.odofit.com/blogs/news.html]
[www.odofit.com/pages/POST]
[www.odofit.com/pages/contact.html]
[www.odofit.com/search.html]
[cdn.shopify.com/s/global/search.css]
[cdn.shopify.com/shopifycloud/shopify/assets/no-image-2048-5e88c1b20e087fb7bbe9a3771824e743c244f437e4f8ba93bbf7b11b53f7824c_medium.gif]
[www.odofit.com/cart.html]
[cdn.shopify.com/s/files/1/0615/4928/1493/products/71kmpfqFxnL._AC_SL1500__2_1200x12007384.jpg]
[cdn.shopify.com/s/files/1/0615/4928/1493/products/Odofit_07_1_1200x12009576.jpg]
[cdn.shopify.com/s/files/1/0615/4928/1493/products/poza1_mod_1200x120003fe.jpg]
[www.odofit.com/products/odofit-compression-brace.oembed]
[www.odofit.com/products/POST]
[cdn.shopify.com/s/files/1/0615/4928/1493/t/2/assets/pagefly-maine7c6.css]
[cdn.shopify.com/s/files/1/0615/4928/1493/t/2/assets/pagefly.3321ebd8c72b.css]
[cdn.shopify.com/s/files/1/0615/4928/1493/products/71kmpfqFxnL._AC_SL1500__27384.jpg]
[cdn.shopify.com/s/files/1/0615/4928/1493/products/Odofit_07_19576.jpg]
[cdn.shopify.com/s/files/1/0615/4928/1493/products/poza1_mod03fe.jpg]
[cdn.shopify.com/s/files/1/0615/4928/1493/products/vsbanner03fe.jpg]
[cdn.shopify.com/s/files/1/0615/4928/1493/products/6f17730a-e856-4cca-935c-baf4337eadc9.__CR0_0_970_600_PT0_SX970_V1fe12.jpg]
[cdn.shopify.com/s/files/1/0615/4928/1493/t/3/assets/odo-fata-curat-1-16431409045408ddf.jpg]
[www.odofit.com/products/odofit-compression-brace.html]
[cdn.shopify.com/s/files/1/0615/4928/1493/products/71kmpfqFxnL._AC_SL1500__2_{width}x7384.html]
[cdn.pagefly.io/pagefly/3.15.8/core/helper.js]
[cdn.shopify.com/s/files/1/0615/4928/1493/products/benziprincipal_1200x12000441.png]
[cdn.shopify.com/s/files/1/0615/4928/1493/products/71jLtZ4oeKL._AC_SL1500_1200x1200ea49.jpg]
[cdn.shopify.com/s/files/1/0615/4928/1493/products/81A-3TJWEqL._AC_SL1500_1200x12000441.jpg]
[www.odofit.com/products/odofit-resistance-bands.oembed]
[cdn.shopify.com/s/files/1/0615/4928/1493/t/2/assets/pagefly.e362de78aa18.css]
[cdn.shopify.com/s/files/1/0615/4928/1493/products/benziprincipal0441.png]
[cdn.shopify.com/s/files/1/0615/4928/1493/products/71jLtZ4oeKL._AC_SL1500ea49.jpg]
[cdn.shopify.com/s/files/1/0615/4928/1493/products/81A-3TJWEqL._AC_SL15000441.jpg]
[cdn.shopify.com/s/files/1/0615/4928/1493/products/81TYZPYLg9L._AC_SL15000441.jpg]
[cdn.shopify.com/s/files/1/0615/4928/1493/products/713TiTKr5IL._AC_SL15000441.jpg]
[cdn.shopify.com/s/files/1/0615/4928/1493/products/811UMjj6dGL._AC_SL15000441.jpg]
[www.odofit.com/products/odofit-resistance-bands.html]
[cdn.shopify.com/s/files/1/0615/4928/1493/products/benziprincipal_{width}x0441.html]
[www.odofit.com/collections/POST.html]
[www.odofit.com/blogs/POST.html]
[www.odofit.com/pages/POST.html]
[cdn.shopify.com/s/global/search.css]
[www.odofit.com/cart/change0437.html]
[www.odofit.com/products/POST.html]
[cdn.shopify.com/s/files/1/0615/4928/1493/t/2/assets/pagefly-maine7c6.css]
[cdn.pagefly.io/pagefly/3.16.7/core/helper.js]
[cdn.shopify.com/s/files/1/0615/4928/1493/t/3/assets/banner_run_ok_v1-1-1643131434169de04.jpg]
[cdn.shopify.com/s/files/1/0615/4928/1493/t/3/assets/banner-1-1-1643136048306586f.jpg]
[cdn.shopify.com/s/files/1/0615/4928/1493/t/2/assets/pagefly.3321ebd8c72b.css]
[cdn.shopify.com/s/files/1/0615/4928/1493/t/3/assets/dsc06650-1-1643202101043daf5.jpg]
[cdn.shopify.com/s/files/1/0615/4928/1493/t/3/assets/dsc06706-16432021443292039.jpg]
[cdn.shopify.com/s/files/1/0615/4928/1493/t/2/assets/pagefly.e362de78aa18.css]
